[debug] [2026-06-15T17:55:32.447Z] ----------------------------------------------------------------------
[debug] [2026-06-15T17:55:32.449Z] Command:       /opt/homebrew/Cellar/node@24/24.11.1/bin/node /Users/gowtamsingulur/.npm/_npx/ba4f1959e38407b5/node_modules/.bin/firebase deploy
[debug] [2026-06-15T17:55:32.449Z] CLI Version:   15.20.0
[debug] [2026-06-15T17:55:32.449Z] Platform:      darwin
[debug] [2026-06-15T17:55:32.449Z] Node Version:  v24.11.1
[debug] [2026-06-15T17:55:32.449Z] Time:          Mon Jun 15 2026 23:25:32 GMT+0530 (India Standard Time)
[debug] [2026-06-15T17:55:32.450Z] ----------------------------------------------------------------------
[debug] 
[debug] [2026-06-15T17:55:33.407Z] > command requires scopes: ["email","openid","https://www.googleapis.com/auth/cloudplatformprojects.readonly","https://www.googleapis.com/auth/firebase","https://www.googleapis.com/auth/cloud-platform"]
[debug] [2026-06-15T17:55:33.407Z] > authorizing via signed-in user (gowtamsbh1234@gmail.com)
[debug] [2026-06-15T17:55:33.407Z] [iam] checking project balaji-chippada-agentic-ai for permissions ["cloudfunctions.functions.create","cloudfunctions.functions.delete","cloudfunctions.functions.get","cloudfunctions.functions.list","cloudfunctions.functions.update","cloudfunctions.operations.get","datastore.indexes.create","datastore.indexes.delete","datastore.indexes.list","datastore.indexes.update","firebase.projects.get","firebase.projects.update","firebaseauth.configs.update","firebasehosting.sites.update"]
[debug] [2026-06-15T17:55:33.408Z] Checked if tokens are valid: false, expires at: 1781544453977
[debug] [2026-06-15T17:55:33.408Z] Checked if tokens are valid: false, expires at: 1781544453977
[debug] [2026-06-15T17:55:33.408Z] > refreshing access token with scopes: []
[debug] [2026-06-15T17:55:33.409Z] >>> [apiv2][query] POST https://www.googleapis.com/oauth2/v3/token [none]
[debug] [2026-06-15T17:55:33.409Z] >>> [apiv2][body] POST https://www.googleapis.com/oauth2/v3/token [omitted]
[debug] [2026-06-15T17:55:33.679Z] <<< [apiv2][status] POST https://www.googleapis.com/oauth2/v3/token 200
[debug] [2026-06-15T17:55:33.679Z] <<< [apiv2][body] POST https://www.googleapis.com/oauth2/v3/token [omitted]
[debug] [2026-06-15T17:55:33.700Z] >>> [apiv2][query] POST https://cloudresourcemanager.googleapis.com/v1/projects/balaji-chippada-agentic-ai:testIamPermissions [none]
[debug] [2026-06-15T17:55:33.700Z] >>> [apiv2][(partial)header] POST https://cloudresourcemanager.googleapis.com/v1/projects/balaji-chippada-agentic-ai:testIamPermissions  x-goog-user-project=balaji-chippada-agentic-ai
[debug] [2026-06-15T17:55:33.700Z] >>> [apiv2][body] POST https://cloudresourcemanager.googleapis.com/v1/projects/balaji-chippada-agentic-ai:testIamPermissions {"permissions":["cloudfunctions.functions.create","cloudfunctions.functions.delete","cloudfunctions.functions.get","cloudfunctions.functions.list","cloudfunctions.functions.update","cloudfunctions.operations.get","datastore.indexes.create","datastore.indexes.delete","datastore.indexes.list","datastore.indexes.update","firebase.projects.get","firebase.projects.update","firebaseauth.configs.update","firebasehosting.sites.update"]}
[debug] [2026-06-15T17:55:35.109Z] <<< [apiv2][status] POST https://cloudresourcemanager.googleapis.com/v1/projects/balaji-chippada-agentic-ai:testIamPermissions 200
[debug] [2026-06-15T17:55:35.110Z] <<< [apiv2][body] POST https://cloudresourcemanager.googleapis.com/v1/projects/balaji-chippada-agentic-ai:testIamPermissions {"permissions":["cloudfunctions.functions.create","cloudfunctions.functions.delete","cloudfunctions.functions.get","cloudfunctions.functions.list","cloudfunctions.functions.update","cloudfunctions.operations.get","datastore.indexes.create","datastore.indexes.delete","datastore.indexes.list","datastore.indexes.update","firebase.projects.get","firebase.projects.update","firebaseauth.configs.update","firebasehosting.sites.update"]}
[debug] [2026-06-15T17:55:35.110Z] Checked if tokens are valid: true, expires at: 1781549732679
[debug] [2026-06-15T17:55:35.111Z] Checked if tokens are valid: true, expires at: 1781549732679
[debug] [2026-06-15T17:55:35.111Z] >>> [apiv2][query] POST https://iam.googleapis.com/v1/projects/balaji-chippada-agentic-ai/serviceAccounts/balaji-chippada-agentic-ai@appspot.gserviceaccount.com:testIamPermissions [none]
[debug] [2026-06-15T17:55:35.111Z] >>> [apiv2][body] POST https://iam.googleapis.com/v1/projects/balaji-chippada-agentic-ai/serviceAccounts/balaji-chippada-agentic-ai@appspot.gserviceaccount.com:testIamPermissions {"permissions":["iam.serviceAccounts.actAs"]}
[debug] [2026-06-15T17:55:37.045Z] <<< [apiv2][status] POST https://iam.googleapis.com/v1/projects/balaji-chippada-agentic-ai/serviceAccounts/balaji-chippada-agentic-ai@appspot.gserviceaccount.com:testIamPermissions 200
[debug] [2026-06-15T17:55:37.046Z] <<< [apiv2][body] POST https://iam.googleapis.com/v1/projects/balaji-chippada-agentic-ai/serviceAccounts/balaji-chippada-agentic-ai@appspot.gserviceaccount.com:testIamPermissions {"permissions":["iam.serviceAccounts.actAs"]}
[debug] [2026-06-15T17:55:37.046Z] Checked if tokens are valid: true, expires at: 1781549732679
[debug] [2026-06-15T17:55:37.046Z] Checked if tokens are valid: true, expires at: 1781549732679
[debug] [2026-06-15T17:55:37.046Z] >>> [apiv2][query] GET https://firebase.googleapis.com/v1beta1/projects/balaji-chippada-agentic-ai [none]
[debug] [2026-06-15T17:55:37.702Z] <<< [apiv2][status] GET https://firebase.googleapis.com/v1beta1/projects/balaji-chippada-agentic-ai 200
[debug] [2026-06-15T17:55:37.702Z] <<< [apiv2][body] GET https://firebase.googleapis.com/v1beta1/projects/balaji-chippada-agentic-ai {"projectId":"balaji-chippada-agentic-ai","projectNumber":"290086119185","displayName":"Balaji-Chippada-Agentic-AI","name":"projects/balaji-chippada-agentic-ai","resources":{"hostingSite":"balaji-chippada-agentic-ai"},"state":"ACTIVE","etag":"1_ade88f7a-b571-4d45-b09a-61af4f74454b"}
[info] 
[info] === Deploying to 'balaji-chippada-agentic-ai'...
[info] 
[info] i  deploying firestore, functions, hosting, auth 
[info] i  firestore: ensuring required API firestore.googleapis.com is enabled... 
[info] i  firestore: ensuring required API firestore.googleapis.com is enabled... 
[debug] [2026-06-15T17:55:37.704Z] Checked if tokens are valid: true, expires at: 1781549732679
[debug] [2026-06-15T17:55:37.704Z] Checked if tokens are valid: true, expires at: 1781549732679
[debug] [2026-06-15T17:55:37.704Z] >>> [apiv2][query] GET https://firestore.googleapis.com/v1/projects/balaji-chippada-agentic-ai/databases/(default) [none]
[debug] [2026-06-15T17:55:39.567Z] <<< [apiv2][status] GET https://firestore.googleapis.com/v1/projects/balaji-chippada-agentic-ai/databases/(default) 200
[debug] [2026-06-15T17:55:39.568Z] <<< [apiv2][body] GET https://firestore.googleapis.com/v1/projects/balaji-chippada-agentic-ai/databases/(default) {"name":"projects/balaji-chippada-agentic-ai/databases/(default)","uid":"f5c84343-0fac-4191-8d85-1d8cd276eb4c","createTime":"2026-06-07T07:44:45.608682Z","updateTime":"2026-06-07T07:44:45.608682Z","locationId":"nam5","type":"FIRESTORE_NATIVE","concurrencyMode":"PESSIMISTIC","versionRetentionPeriod":"3600s","earliestVersionTime":"2026-06-15T16:55:39.487536Z","appEngineIntegrationMode":"DISABLED","keyPrefix":"s","pointInTimeRecoveryEnablement":"POINT_IN_TIME_RECOVERY_DISABLED","deleteProtectionState":"DELETE_PROTECTION_DISABLED","databaseEdition":"STANDARD","freeTier":true,"realtimeUpdatesMode":"REALTIME_UPDATES_MODE_ENABLED","etag":"IMeUrsboiZUDMJiBoPPU9JQD"}
[info] i  cloud.firestore: checking firestore.rules for compilation errors... 
[debug] [2026-06-15T17:55:39.569Z] Checked if tokens are valid: true, expires at: 1781549732679
[debug] [2026-06-15T17:55:39.569Z] Checked if tokens are valid: true, expires at: 1781549732679
[debug] [2026-06-15T17:55:39.569Z] >>> [apiv2][query] POST https://firebaserules.googleapis.com/v1/projects/balaji-chippada-agentic-ai:test [none]
[debug] [2026-06-15T17:55:39.569Z] >>> [apiv2][body] POST https://firebaserules.googleapis.com/v1/projects/balaji-chippada-agentic-ai:test [omitted]
